<testsuites name="jest tests" tests="42" failures="0" time="9.595">
  <testsuite name="/src/AddressBook/SearchContacts/MatchingContacts.test.jsx" errors="0" failures="0" skipped="0" timestamp="2022-06-15T00:42:11" time="4.605" tests="4">
    <testcase classname="&lt;MatchingContacts&gt;" name="render nothing if there is no data" time="0.051">
    </testcase>
    <testcase classname="&lt;MatchingContacts&gt;" name="render Matching Contacts" time="0.043">
    </testcase>
    <testcase classname="&lt;MatchingContacts&gt;" name="distinguish highlighted Matching Contact" time="0.054">
    </testcase>
    <testcase classname="&lt;MatchingContacts&gt;" name="distinguish nothing, if no Matching Contact is highlighted" time="0.004">
    </testcase>
  </testsuite>
  <testsuite name="/src/AddressBook/ContactDetails/ContactDetails.test.jsx" errors="0" failures="0" skipped="0" timestamp="2022-06-15T00:42:11" time="4.606" tests="5">
    <testcase classname="&lt;ContactDetails&gt;" name="render &lt;Placeholder&gt; if there is no contact fetched" time="0.077">
    </testcase>
    <testcase classname="&lt;ContactDetails&gt;" name="render &lt;FetchFailure&gt; if fetching failed" time="0.005">
    </testcase>
    <testcase classname="&lt;ContactDetails&gt;" name="render &lt;FetchFailure&gt; if fetching failed and there is previously fetched Contact available" time="0.017">
    </testcase>
    <testcase classname="&lt;ContactDetails&gt;" name="render name of fetched Contact Details" time="0.044">
    </testcase>
    <testcase classname="&lt;ContactDetails&gt;" name="render 1st address line of fetched Contact Details" time="0.027">
    </testcase>
  </testsuite>
  <testsuite name="/src/AddressBook/SearchContacts/PhraseInput.test.jsx" errors="0" failures="0" skipped="0" timestamp="2022-06-15T00:42:16" time="0.302" tests="2">
    <testcase classname="&lt;PhraseInput&gt;" name="render provided phrase" time="0.018">
    </testcase>
    <testcase classname="&lt;PhraseInput&gt;" name="pass typed phrase to callback" time="0.033">
    </testcase>
  </testsuite>
  <testsuite name="/src/AddressBook/SearchContacts/SearchContacts.test.jsx" errors="0" failures="0" skipped="0" timestamp="2022-06-15T00:42:11" time="5.582" tests="3">
    <testcase classname="&lt;SearchContacts&gt;" name="render &lt;Downshift&gt; external autocomplete component by default" time="0.079">
    </testcase>
    <testcase classname="&lt;SearchContacts&gt;" name="render &lt;Downshift&gt; external autocomplete component even if search failed" time="0.008">
    </testcase>
    <testcase classname="&lt;SearchContacts&gt;" name="render &lt;SearchFailure&gt; if search failed" time="0.027">
    </testcase>
  </testsuite>
  <testsuite name="/src/integrationTests/searchForMatchingContacts.test.js" errors="0" failures="0" skipped="0" timestamp="2022-06-15T00:42:11" time="7.201" tests="10">
    <testcase classname="search for matching Contacts › search Contact by search phrase" name="render text typed into search phrase input" time="0.093">
    </testcase>
    <testcase classname="search for matching Contacts › search Contact by search phrase" name="ask HTTP API for Matching Contacts after delay of minimal allowed interval" time="0.054">
    </testcase>
    <testcase classname="search for matching Contacts › search Contact by search phrase" name="ask HTTP API for Matching Contacts again after another minimal delay" time="0.025">
    </testcase>
    <testcase classname="search for matching Contacts › Matching Contacts" name="don&apos;t show Matching Contacts if nothing was searched" time="0.019">
    </testcase>
    <testcase classname="search for matching Contacts › Matching Contacts" name="show found Matching Contacts" time="0.041">
    </testcase>
    <testcase classname="search for matching Contacts › failure while searching for Matching Contacts" name="show info about failed search for Matching Contacts" time="0.053">
    </testcase>
    <testcase classname="search for matching Contacts › failure while searching for Matching Contacts" name="don&apos;t show info about failed search if next Matching Contacts search started" time="0.03">
    </testcase>
    <testcase classname="search for matching Contacts › select Matching Contact" name="fill search input with name of selected Matching Contact" time="0.033">
    </testcase>
    <testcase classname="search for matching Contacts › select Matching Contact" name="don&apos;t show previous Matching Contacts on new just started search" time="0.055">
    </testcase>
    <testcase classname="search for matching Contacts › select Matching Contact" name="don&apos;t crash if no Matching Contact is selected for the first time" time="0.013">
    </testcase>
  </testsuite>
  <testsuite name="/src/AddressBook/SearchContacts/reducer.test.js" errors="0" failures="0" skipped="0" timestamp="2022-06-15T00:42:11" time="7.725" tests="3">
    <testcase classname="Search reducer" name="Search Phrase" time="0.006">
    </testcase>
    <testcase classname="Search reducer" name="Matching Contacts" time="0.001">
    </testcase>
    <testcase classname="Search reducer" name="search failure" time="0.016">
    </testcase>
  </testsuite>
  <testsuite name="/src/App.test.js" errors="0" failures="0" skipped="0" timestamp="2022-06-15T00:42:11" time="7.825" tests="1">
    <testcase classname="&lt;App&gt;" name="render crucial components" time="0.135">
    </testcase>
  </testsuite>
  <testsuite name="/src/AddressBook/ContactDetails/reducer.test.js" errors="0" failures="0" skipped="0" timestamp="2022-06-15T00:42:16" time="3.276" tests="2">
    <testcase classname="Contact Details reducer" name="fetched Contact Details" time="0.002">
    </testcase>
    <testcase classname="Contact Details reducer" name="fetch failure" time="0">
    </testcase>
  </testsuite>
  <testsuite name="/src/integrationTests/showContactDetails.test.js" errors="0" failures="0" skipped="0" timestamp="2022-06-15T00:42:11" time="8.126" tests="12">
    <testcase classname="show Contact Details › first fetch" name="ask HTTP API for Contact Details if Matching Contact was selected" time="0.127">
    </testcase>
    <testcase classname="show Contact Details › first fetch" name="show placeholder if Matching Contact was not selected yet" time="0.025">
    </testcase>
    <testcase classname="show Contact Details › first fetch" name="show placeholder if Contact Details for selected Matching Contact are not fetched yet" time="0.023">
    </testcase>
    <testcase classname="show Contact Details › first fetch" name="don&apos;t show placeholder when Contact Details fetched" time="0.023">
    </testcase>
    <testcase classname="show Contact Details › first fetch" name="show structure for fetched Contact Details" time="0.023">
    </testcase>
    <testcase classname="show Contact Details › second fetch" name="don&apos;t show placeholder when User search for new Matching Contacts" time="0.043">
    </testcase>
    <testcase classname="show Contact Details › second fetch" name="show previously fetched Contact Details when User search for new Matching Contacts" time="0.021">
    </testcase>
    <testcase classname="show Contact Details › second fetch" name="do not fetch Contact Details again, if new selected are same as those currently shown" time="0.019">
    </testcase>
    <testcase classname="show Contact Details › second fetch" name="don&apos;t show previous Contact Details if next fetch just started" time="0.027">
    </testcase>
    <testcase classname="show Contact Details › failed fetch" name="show info about failed fetch of Contact Details" time="0.023">
    </testcase>
    <testcase classname="show Contact Details › caching" name="ask HTTP API for Contact Details for the 1st time" time="0.032">
    </testcase>
    <testcase classname="show Contact Details › caching" name="don&apos;t ask HTTP API for Contact Details for the 2nd time" time="0.064">
    </testcase>
  </testsuite>
</testsuites>